line 1:
	semantic error: global variables need to have Immutable types
