line 4:
	semantic error: type error (expecting 'Integer', got 'Boolean')
