line 3:
	semantic error: type error (expected 'Integer', got 'Void')
