line 3:
	semantic error: invalid type 'Void' for the left side of the '-' expression
