line 3:
	semantic error: invalid type '[[[Boolean]]]' for the left side of the '<=' expression
