line 3:
	semantic error: incompatible types 'Boolean' and 'Float' for '==' expression
