tests/test.sh: line 26: ../../bin/semtest: No such file or directory
