line 3:
	semantic error: type error (expecting 'Integer', got '[Integer]')
