line 8:
	semantic error: monitor 'M' has no defined method 'baz'
