line 5:
	semantic error: invalid use of 'broadcast' statement inside a monitor's initializer
