line 5:
	semantic error: invalid type 'Integer' for condition (expecting Boolean)
