line 4:
	semantic error: invalid use of 'wait-for-in' statement outside a monitor's body
