line 4:
	semantic error: invalid use of 'signal' statement outside a monitor's body
