line 3:
	semantic error: invalid type 'Float' for condition (expecting Boolean)
