line 5:
	semantic error: invalid use of 'while-wait' statement inside a monitor's initializer
