line 4:
	semantic error: invalid use of 'broadcast' statement outside a monitor's body
