line 5:
	semantic error: invalid use of 'signal' statement inside a monitor's initializer
