line 127:
	semantic error: redeclaration of name 'foo'
