line 2:
	semantic error: structure must define an initializer
