line 3:
	semantic error: redeclaration of name 'foo'
