line 8:
	semantic error: type error (expecting 'Boolean', got 'String')
