line 4:
	semantic error: can't return expression inside initializer
