line 8:
	semantic error: type error (expecting 'Void', got 'Integer')
