function foo: Void {
	value a: Immutable [[Integer]] = (Immutable [[Integer]]((8: Integer)): Immutable [[Integer]])
	spawn {
		value b: Immutable [[Integer]] = (a: Immutable [[Integer]])
	}
}
