function foo: Void {
	variable a: Integer
	spawn {
		value b: Integer = (a: Integer)
	}
}
