line 2:
	semantic error: unkown type name 'Array2'
