line 3:
	semantic error: unkown type name 'Array1'
