line 4:
	semantic error: type 'String' can't be used as an array index
