line 3:
	semantic error: unknown variable 'y' beeing used
