line 4:
	semantic error: type 'Boolean' can't be used as an array
