{
	function foo {
		if (true) {
		} else {
		}
		if (true) {
		} else {
			if (true) {
			}
		}
		if (true) {
		} else {
			if (true) {
			} else {
			}
		}
		if (true) {
		} else {
			if (true) {
			} else {
				if (true) {
				} else {
					if (true) {
					}
				}
			}
		}
		if (true) {
		} else {
			if (true) {
			} else {
				if (true) {
				} else {
					if (true) {
					} else {
					}
				}
			}
		}
		if (true) {
			a: ? := (1)
			b: ? := (2)
			c: ? := (3)
		} else {
			a: ? := (1)
			b: ? := (2)
			c: ? := (3)
		}
		if (true) {
			a: ? := (1)
			b: ? := (2)
			c: ? := (3)
		} else {
			if (true) {
				a: ? := (1)
				b: ? := (2)
				c: ? := (3)
			}
		}
		if (true) {
			a: ? := (1)
			b: ? := (2)
			c: ? := (3)
		} else {
			if (true) {
				a: ? := (1)
				b: ? := (2)
				c: ? := (3)
			} else {
				a: ? := (1)
				b: ? := (2)
				c: ? := (3)
			}
		}
		if (true) {
			a: ? := (1)
			b: ? := (2)
			c: ? := (3)
		} else {
			if (true) {
				a: ? := (1)
				b: ? := (2)
				c: ? := (3)
			} else {
				if (true) {
					a: ? := (1)
					b: ? := (2)
					c: ? := (3)
				} else {
					if (true) {
						a: ? := (1)
						b: ? := (2)
						c: ? := (3)
					}
				}
			}
		}
		if (true) {
			a: ? := (1)
			b: ? := (2)
			c: ? := (3)
		} else {
			if (true) {
				a: ? := (1)
				b: ? := (2)
				c: ? := (3)
			} else {
				if (true) {
					a: ? := (1)
					b: ? := (2)
					c: ? := (3)
				} else {
					if (true) {
						a: ? := (1)
						b: ? := (2)
						c: ? := (3)
					} else {
						a: ? := (1)
						b: ? := (2)
						c: ? := (3)
					}
				}
			}
		}
		if (true) {
			if (true) {
			}
		}
		if (true) {
			if (true) {
			} else {
			}
		}
		if (true) {
		} else {
			if (true) {
				if (true) {
				} else {
				}
			} else {
				if (true) {
				} else {
					if (true) {
					}
				}
			}
		}
		if (true) {
		} else {
			if (true) {
			} else {
				if (true) {
				} else {
					if (true) {
					} else {
					}
				}
			}
		}
	}
}
