TK_STRING - ácëntôs âñà
TK_STRING - astring with	weird
things and another
TK_STRING - string"besides it
TK_LOWER_ID - ifelsewhilereturn
TK_UPPER_ID - A98hwedsfs
TK_UPPER_ID - Nasdk123
TK_UPPER_ID - Zs9d801
TK_LOWER_ID - a_12397asda__
TK_LOWER_ID - n123has_Sx
TK_LOWER_ID - z123_sada_asD_
TK_LOWER_ID - as______
_
_
_
_
TK_UPPER_ID - AzN18_
TK_LOWER_ID - nA0_z
_
TK_LOWER_ID - a_Z09
TK_UPPER_ID - Az123_as
!
TK_LOWER_ID - asd12_
@
TK_INTEGER - 3
TK_LOWER_ID - fl
TK_INTEGER - 7
_
TK_LOWER_ID - aojh
#
TK_LOWER_ID - sodf
TK_INTEGER - 0
TK_INTEGER - 10101010
TK_INTEGER - 20201039
TK_INTEGER - 87263514
TK_INTEGER - 123974
TK_INTEGER - 29124905
TK_LOWER_ID - d1233
TK_INTEGER - 105
+
TK_INTEGER - 1233
TK_LOWER_ID - a94812
)
TK_INTEGER - 746
TK_INTEGER - 0
TK_FLOAT - 0.000000
TK_FLOAT - 0.000000
TK_FLOAT - 0.100000
TK_FLOAT - 0.000001
TK_FLOAT - 1.000000
TK_FLOAT - 1020.480200
TK_FLOAT - 740.000000
TK_FLOAT - 1928.126000
#
TK_INTEGER - 0
.
.
TK_INTEGER - 1
.
TK_INTEGER - 5
TK_INTEGER - 1
.
.
TK_FLOAT - 73.500000
.
.
TK_FLOAT - 182.580000
#
TK_FLOAT - 123.800000
TK_LOWER_ID - e0
TK_FLOAT - 1020.480201
.
TK_INTEGER - 61201
TK_LOWER_ID - e2
*
*
/
