tests/test.sh: line 26: ../../bin/backendtest: No such file or directory
