global boolean: true -> 1
global integer: 1 -> 1
global float: 2.5 -> 2.5
global string: aria -> aria
global array: [1, 2, 3]
global x array: [
[
	[1], [2, 3], [4, 5, 6]
], [
	[7, 8], [9, 10, 11], [12, 13, 14, 15]
], [
	[16, 17, 18], [19, 20, 21, 22], [23, 24, 25, 26, 27]
]]
