implicitlyReturnsBoolean: 0
implicitlyReturnsInteger: 0
implicitlyReturnsFloat: 0.0
implicitlyReturnsString: 
implicitlyReturnsArray: (nil)
