Use of instruction is not an instruction!
  %1 = call i8* @Barrier(i32 4)
Use of instruction is not an instruction!
  %10 = call i8* @Barrier(i32 6)
Use of instruction is not an instruction!
  %11 = call i8* @MutexMonitor(i8** %t41, i32 5)
Use of instruction is not an instruction!
  %1 = call i8* @Barrier(i32 2)
Use of instruction is not an instruction!
  %2 = call i8* @Stack(i32 1)
LLVM ERROR: Broken module found, compilation aborted!
